// Jest Snapshot v1, https://goo.gl/fbAQLP

exports[`should render ExpenseDashboardPage 1`] = `
<div>
  <Connect(ExpensesSummary) />
  <Connect(ExpensesListFilters) />
  <Connect(ExpensesList) />
</div>
`;
